[debug] [2026-07-09T04:47:31.025Z] ----------------------------------------------------------------------
[debug] [2026-07-09T04:47:31.027Z] Command:       C:\Program Files\nodejs\node.exe C:\Users\00563\AppData\Roaming\npm\node_modules\firebase-tools\lib\bin\firebase.js init hosting:github
[debug] [2026-07-09T04:47:31.027Z] CLI Version:   14.25.0
[debug] [2026-07-09T04:47:31.027Z] Platform:      win32
[debug] [2026-07-09T04:47:31.027Z] Node Version:  v22.21.1
[debug] [2026-07-09T04:47:31.027Z] Time:          Thu Jul 09 2026 11:47:31 GMT+0700 (Indochina Time)
[debug] [2026-07-09T04:47:31.027Z] ----------------------------------------------------------------------
[debug] 
[info] 
     ######## #### ########  ######## ########     ###     ######  ########
     ##        ##  ##     ## ##       ##     ##  ##   ##  ##       ##
     ######    ##  ########  ######   ########  #########  ######  ######
     ##        ##  ##    ##  ##       ##     ## ##     ##       ## ##
     ##       #### ##     ## ######## ########  ##     ##  ######  ########

You're about to initialize a Firebase project in this directory:

  E:\yadiapp-project

Before we get started, keep in mind:

  * You are initializing within an existing Firebase project directory

[info] 
=== Project Setup
[info] 
[info] First, let's associate this project directory with a Firebase project.
[info] You can create multiple project aliases by running firebase use --add, 
[info] 
[debug] [2026-07-09T04:47:32.832Z] > command requires scopes: ["email","openid","https://www.googleapis.com/auth/cloudplatformprojects.readonly","https://www.googleapis.com/auth/firebase","https://www.googleapis.com/auth/cloud-platform"]
[debug] [2026-07-09T04:47:32.832Z] > authorizing via signed-in user (triyadi72@gmail.com)
[debug] [2026-07-09T04:47:32.833Z] Checked if tokens are valid: true, expires at: 1783576041989
[debug] [2026-07-09T04:47:32.833Z] Checked if tokens are valid: true, expires at: 1783576041989
[debug] [2026-07-09T04:47:32.834Z] >>> [apiv2][query] GET https://firebase.googleapis.com/v1beta1/projects/studio-2265830147-c7b11 [none]
[debug] [2026-07-09T04:47:33.362Z] <<< [apiv2][status] GET https://firebase.googleapis.com/v1beta1/projects/studio-2265830147-c7b11 403
[debug] [2026-07-09T04:47:33.362Z] <<< [apiv2][body] GET https://firebase.googleapis.com/v1beta1/projects/studio-2265830147-c7b11 {"error":{"code":403,"message":"The caller does not have permission","status":"PERMISSION_DENIED"}}
[debug] [2026-07-09T04:47:33.362Z] Request to https://firebase.googleapis.com/v1beta1/projects/studio-2265830147-c7b11 had HTTP Error: 403, The caller does not have permission
[debug] [2026-07-09T04:47:33.477Z] FirebaseError: Request to https://firebase.googleapis.com/v1beta1/projects/studio-2265830147-c7b11 had HTTP Error: 403, The caller does not have permission
    at responseToError (C:\Users\00563\AppData\Roaming\npm\node_modules\firebase-tools\lib\responseToError.js:53:12)
    at RetryOperation._fn (C:\Users\00563\AppData\Roaming\npm\node_modules\firebase-tools\lib\apiv2.js:322:77)
    at process.processTicksAndRejections (node:internal/process/task_queues:105:5)
[error] 
[error] Error: Failed to get Firebase project studio-2265830147-c7b11. Please make sure the project exists and your account has permission to access it.
